1    1   1e1             10.000000       Real number
2    1   1e+1            10.000000       Real number
3    1   1e-1            0.100000        Real number
4    1   10e-3           0.010000        Real number
5    1   10e3            10000.000000    Real number
6    1   1e0             1.000000        Real number
