1    1   and             and             Word
2    1   array           array           Word
3    1   begin           begin           Word
4    1   break           break           Word
5    1   case            case            Word
6    1   const           const           Word
7    1   continue        continue        Word
8    1   div             div             Word
9    1   do              do              Word
10   1   downto          downto          Word
11   1   else            else            Word
12   1   end             end             Word
13   1   exit            exit            Word
14   1   for             for             Word
15   1   function        function        Word
16   1   goto            goto            Word
17   1   if              if              Word
18   1   label           label           Word
19   1   mod             mod             Word
20   1   nil             nil             Word
21   1   not             not             Word
22   1   of              of              Word
23   1   or              or              Word
24   1   procedure       procedure       Word
25   1   program         program         Word
26   1   record          record          Word
27   1   repeat          repeat          Word
28   1   set             set             Word
29   1   shl             shl             Word
30   1   shr             shr             Word
31   1   then            then            Word
32   1   to              to              Word
33   1   type            type            Word
34   1   until           until           Word
35   1   var             var             Word
36   1   while           while           Word
37   1   xor             xor             Word
