1    1   1               1               Integer number
1    2   ..              ..              Delimiter
1    4   2               2               Integer number
