\- main block
   \- if
      |- >
      |  |- 10
      |  \- 5
      \- inner block
         |- :=
         |  |- a
         |  \- 10
         \- :=
            |- a
            \- +
               |- a
               \- a