(5 ; 5): Got unexpected token: "begin". Expected: "then".