(8 ; 5): Got unexpected token: "begin". Expected: ";".