(4 ; 14): Type error: Got "float". Expected: "integer".