\- main block
   \- repeat
      |- :=
      |  |- a
      |  \- +
      |     |- a
      |     \- 10
      \- <
         |- a
         \- 20