(6 ; 11): Type error: Got "integer". Expected: "boolean".