(6 ; 6): Got unexpected token: "identifier". Expected: "until".