(7 ; 6): Type error: Got "float". Expected: "integer".