\- main block
   \- :=
      |- b
      \- []
         |- a
         \- 1