\- main block
   \- :=
      |- a
      \- .
         |- .
         |  |- b
         |  \- c
         \- d