(3 ; 5): Got unexpected token: "identifier". Expected: ";".