(3 ; 7): Got unexpected token: "real number". Expected: "=".