main
----------
char                     type 
float                    type 
integer                  type 
myType             type alias         integer