main
----------
char                     type 
float                    type 
integer                  type 
mySubrangeType     type alias   subrange 1..2