(2 ; 13): Got unexpected token: "identifier". Expected: "=".