(2 ; 5): Got unexpected token: "=". Expected: "identifier".