main
----------
char                     type 
float                    type 
integer                  type 
a                         var           float