main
----------
char                     type 
float                    type 
integer                  type 
a                         var array [1..10] of integer