main
----------
char                     type 
float                    type 
integer                  type 
left            const integer               1
right           const integer              20
a                         var array [1..20] of integer