(2 ; 10): Got unexpected token: "identifier". Expected: ":".