(2 ; 8): Got unexpected token: ",". Expected: "identifier".