(4 ; 10): Got unexpected token: ";". Expected: "..".