main
----------
char                     type 
float                    type 
integer                  type 
name                     proc 
 arguments:
 locals:
    a               const integer              10
    b                 const float             0.5
