main
----------
char                     type 
float                    type 
integer                  type 
name                     proc 
 arguments:
    a                       param         integer
 locals:
