(2 ; 1): Got unexpected token: "begin". Expected: ";".