(1 ; 28): Got unexpected token: "identifier". Expected: ")".