(5 ; 1): Got unexpected token: "procedure". Expected: ";".