main
----------
char                     type 
float                    type 
integer                  type 
name                     func 
 arguments:
    result            func result         integer
 locals:
    a                         var         integer
    b                         var           float
