\- -
   |- +
   |  |- 2
   |  \- []
   |     |- a
   |     \- mod
   |        |- i
   |        \- 2
   \- .
      |- c
      \- s