(1 ; 14): Got unexpected token: "+". Expected: "identifier".