1    1   &12345670       2739128         Integer number
