1    1   %101            5               Integer number
