1    6   a               a               Identifier
