6    1   a               a               Identifier
